[2023-01-08T06:05:20.183+0700][gc,heap] Heap region size: 1M
[2023-01-08T06:05:20.192+0700][gc     ] Using G1
[2023-01-08T06:05:20.192+0700][gc,heap,coops] Heap address: 0x00000000c0000000, size: 1024 MB, Compressed Oops mode: 32-bit
[2023-01-08T06:05:20.193+0700][gc,cds       ] Mark closed archive regions in map: [0x00000000ffe00000, 0x00000000ffe6aff8]
[2023-01-08T06:05:20.193+0700][gc,cds       ] Mark open archive regions in map: [0x00000000ffc00000, 0x00000000ffc46ff8]
[2023-01-08T06:05:21.294+0700][gc,start     ] GC(0) Pause Young (Normal) (G1 Evacuation Pause)
[2023-01-08T06:05:21.294+0700][gc,task      ] GC(0) Using 4 workers of 4 for evacuation
[2023-01-08T06:05:21.307+0700][gc,phases    ] GC(0)   Pre Evacuate Collection Set: 0.0ms
[2023-01-08T06:05:21.307+0700][gc,phases    ] GC(0)   Evacuate Collection Set: 12.6ms
[2023-01-08T06:05:21.307+0700][gc,phases    ] GC(0)   Post Evacuate Collection Set: 0.5ms
[2023-01-08T06:05:21.307+0700][gc,phases    ] GC(0)   Other: 0.7ms
[2023-01-08T06:05:21.308+0700][gc,heap      ] GC(0) Eden regions: 51->0(44)
[2023-01-08T06:05:21.308+0700][gc,heap      ] GC(0) Survivor regions: 0->7(7)
[2023-01-08T06:05:21.308+0700][gc,heap      ] GC(0) Old regions: 2->2
[2023-01-08T06:05:21.308+0700][gc,heap      ] GC(0) Humongous regions: 0->0
[2023-01-08T06:05:21.308+0700][gc,metaspace ] GC(0) Metaspace: 14269K->14269K(1062912K)
[2023-01-08T06:05:21.308+0700][gc           ] GC(0) Pause Young (Normal) (G1 Evacuation Pause) 51M->7M(1024M) 13.907ms
[2023-01-08T06:05:21.308+0700][gc,cpu       ] GC(0) User=0.03s Sys=0.02s Real=0.01s
[2023-01-08T06:05:22.217+0700][gc,start     ] GC(1) Pause Young (Concurrent Start) (Metadata GC Threshold)
[2023-01-08T06:05:22.217+0700][gc,task      ] GC(1) Using 4 workers of 4 for evacuation
[2023-01-08T06:05:22.228+0700][gc,phases    ] GC(1)   Pre Evacuate Collection Set: 0.0ms
[2023-01-08T06:05:22.229+0700][gc,phases    ] GC(1)   Evacuate Collection Set: 10.8ms
[2023-01-08T06:05:22.229+0700][gc,phases    ] GC(1)   Post Evacuate Collection Set: 0.4ms
[2023-01-08T06:05:22.229+0700][gc,phases    ] GC(1)   Other: 0.2ms
[2023-01-08T06:05:22.229+0700][gc,heap      ] GC(1) Eden regions: 28->0(49)
[2023-01-08T06:05:22.229+0700][gc,heap      ] GC(1) Survivor regions: 7->2(7)
[2023-01-08T06:05:22.229+0700][gc,heap      ] GC(1) Old regions: 2->9
[2023-01-08T06:05:22.229+0700][gc,heap      ] GC(1) Humongous regions: 0->0
[2023-01-08T06:05:22.229+0700][gc,metaspace ] GC(1) Metaspace: 20597K->20597K(1067008K)
[2023-01-08T06:05:22.229+0700][gc           ] GC(1) Pause Young (Concurrent Start) (Metadata GC Threshold) 35M->8M(1024M) 11.495ms
[2023-01-08T06:05:22.229+0700][gc,cpu       ] GC(1) User=0.04s Sys=0.00s Real=0.01s
[2023-01-08T06:05:22.229+0700][gc           ] GC(2) Concurrent Cycle
[2023-01-08T06:05:22.229+0700][gc,marking   ] GC(2) Concurrent Clear Claimed Marks
[2023-01-08T06:05:22.229+0700][gc,marking   ] GC(2) Concurrent Clear Claimed Marks 0.049ms
[2023-01-08T06:05:22.229+0700][gc,marking   ] GC(2) Concurrent Scan Root Regions
[2023-01-08T06:05:22.230+0700][gc,marking   ] GC(2) Concurrent Scan Root Regions 0.979ms
[2023-01-08T06:05:22.230+0700][gc,marking   ] GC(2) Concurrent Mark (2.049s)
[2023-01-08T06:05:22.230+0700][gc,marking   ] GC(2) Concurrent Mark From Roots
[2023-01-08T06:05:22.230+0700][gc,task      ] GC(2) Using 1 workers of 1 for marking
[2023-01-08T06:05:22.241+0700][gc,marking   ] GC(2) Concurrent Mark From Roots 10.851ms
[2023-01-08T06:05:22.241+0700][gc,marking   ] GC(2) Concurrent Preclean
[2023-01-08T06:05:22.241+0700][gc,marking   ] GC(2) Concurrent Preclean 0.124ms
[2023-01-08T06:05:22.241+0700][gc,marking   ] GC(2) Concurrent Mark (2.049s, 2.060s) 11.042ms
[2023-01-08T06:05:22.242+0700][gc,start     ] GC(2) Pause Remark
[2023-01-08T06:05:22.244+0700][gc,stringtable] GC(2) Cleaned string and symbol table, strings: 5130 processed, 0 removed, symbols: 51841 processed, 58 removed
[2023-01-08T06:05:22.244+0700][gc            ] GC(2) Pause Remark 9M->9M(1024M) 2.768ms
[2023-01-08T06:05:22.245+0700][gc,cpu        ] GC(2) User=0.01s Sys=0.00s Real=0.00s
[2023-01-08T06:05:22.245+0700][gc,marking    ] GC(2) Concurrent Rebuild Remembered Sets
[2023-01-08T06:05:22.249+0700][gc,marking    ] GC(2) Concurrent Rebuild Remembered Sets 4.848ms
[2023-01-08T06:05:22.250+0700][gc,start      ] GC(2) Pause Cleanup
[2023-01-08T06:05:22.250+0700][gc            ] GC(2) Pause Cleanup 9M->9M(1024M) 0.197ms
[2023-01-08T06:05:22.250+0700][gc,cpu        ] GC(2) User=0.00s Sys=0.00s Real=0.00s
[2023-01-08T06:05:22.250+0700][gc,marking    ] GC(2) Concurrent Cleanup for Next Mark
[2023-01-08T06:05:22.253+0700][gc,marking    ] GC(2) Concurrent Cleanup for Next Mark 3.084ms
[2023-01-08T06:05:22.253+0700][gc            ] GC(2) Concurrent Cycle 24.361ms
[2023-01-08T06:05:23.445+0700][gc,heap,exit  ] Heap
[2023-01-08T06:05:23.445+0700][gc,heap,exit  ]  garbage-first heap   total 1048576K, used 188708K [0x00000000c0000000, 0x0000000100000000)
[2023-01-08T06:05:23.445+0700][gc,heap,exit  ]   region size 1024K, 50 young (51200K), 2 survivors (2048K)
[2023-01-08T06:05:23.445+0700][gc,heap,exit  ]  Metaspace       used 28695K, capacity 29712K, committed 29948K, reserved 1075200K
[2023-01-08T06:05:23.446+0700][gc,heap,exit  ]   class space    used 3741K, capacity 4219K, committed 4348K, reserved 1048576K
