[2023-01-08T08:49:50.687+0700][gc,heap] Heap region size: 1M
[2023-01-08T08:49:50.696+0700][gc     ] Using G1
[2023-01-08T08:49:50.696+0700][gc,heap,coops] Heap address: 0x00000000c0000000, size: 1024 MB, Compressed Oops mode: 32-bit
[2023-01-08T08:49:50.697+0700][gc,cds       ] Mark closed archive regions in map: [0x00000000ffe00000, 0x00000000ffe6aff8]
[2023-01-08T08:49:50.697+0700][gc,cds       ] Mark open archive regions in map: [0x00000000ffc00000, 0x00000000ffc46ff8]
[2023-01-08T08:49:51.905+0700][gc,start     ] GC(0) Pause Young (Normal) (G1 Evacuation Pause)
[2023-01-08T08:49:51.906+0700][gc,task      ] GC(0) Using 4 workers of 4 for evacuation
[2023-01-08T08:49:51.918+0700][gc,phases    ] GC(0)   Pre Evacuate Collection Set: 0.0ms
[2023-01-08T08:49:51.918+0700][gc,phases    ] GC(0)   Evacuate Collection Set: 11.4ms
[2023-01-08T08:49:51.918+0700][gc,phases    ] GC(0)   Post Evacuate Collection Set: 0.4ms
[2023-01-08T08:49:51.918+0700][gc,phases    ] GC(0)   Other: 0.5ms
[2023-01-08T08:49:51.918+0700][gc,heap      ] GC(0) Eden regions: 51->0(44)
[2023-01-08T08:49:51.918+0700][gc,heap      ] GC(0) Survivor regions: 0->7(7)
[2023-01-08T08:49:51.918+0700][gc,heap      ] GC(0) Old regions: 2->2
[2023-01-08T08:49:51.918+0700][gc,heap      ] GC(0) Humongous regions: 0->0
[2023-01-08T08:49:51.918+0700][gc,metaspace ] GC(0) Metaspace: 14280K->14280K(1062912K)
[2023-01-08T08:49:51.918+0700][gc           ] GC(0) Pause Young (Normal) (G1 Evacuation Pause) 51M->7M(1024M) 12.340ms
[2023-01-08T08:49:51.918+0700][gc,cpu       ] GC(0) User=0.01s Sys=0.03s Real=0.01s
[2023-01-08T08:49:52.994+0700][gc,start     ] GC(1) Pause Young (Concurrent Start) (Metadata GC Threshold)
[2023-01-08T08:49:52.994+0700][gc,task      ] GC(1) Using 4 workers of 4 for evacuation
[2023-01-08T08:49:53.010+0700][gc,phases    ] GC(1)   Pre Evacuate Collection Set: 0.1ms
[2023-01-08T08:49:53.010+0700][gc,phases    ] GC(1)   Evacuate Collection Set: 15.5ms
[2023-01-08T08:49:53.010+0700][gc,phases    ] GC(1)   Post Evacuate Collection Set: 0.3ms
[2023-01-08T08:49:53.010+0700][gc,phases    ] GC(1)   Other: 0.2ms
[2023-01-08T08:49:53.010+0700][gc,heap      ] GC(1) Eden regions: 28->0(49)
[2023-01-08T08:49:53.010+0700][gc,heap      ] GC(1) Survivor regions: 7->2(7)
[2023-01-08T08:49:53.010+0700][gc,heap      ] GC(1) Old regions: 2->9
[2023-01-08T08:49:53.010+0700][gc,heap      ] GC(1) Humongous regions: 0->0
[2023-01-08T08:49:53.010+0700][gc,metaspace ] GC(1) Metaspace: 20619K->20619K(1067008K)
[2023-01-08T08:49:53.010+0700][gc           ] GC(1) Pause Young (Concurrent Start) (Metadata GC Threshold) 35M->8M(1024M) 16.214ms
[2023-01-08T08:49:53.010+0700][gc,cpu       ] GC(1) User=0.05s Sys=0.00s Real=0.01s
[2023-01-08T08:49:53.010+0700][gc           ] GC(2) Concurrent Cycle
[2023-01-08T08:49:53.010+0700][gc,marking   ] GC(2) Concurrent Clear Claimed Marks
[2023-01-08T08:49:53.010+0700][gc,marking   ] GC(2) Concurrent Clear Claimed Marks 0.051ms
[2023-01-08T08:49:53.010+0700][gc,marking   ] GC(2) Concurrent Scan Root Regions
[2023-01-08T08:49:53.011+0700][gc,marking   ] GC(2) Concurrent Scan Root Regions 1.361ms
[2023-01-08T08:49:53.011+0700][gc,marking   ] GC(2) Concurrent Mark (2.346s)
[2023-01-08T08:49:53.011+0700][gc,marking   ] GC(2) Concurrent Mark From Roots
[2023-01-08T08:49:53.011+0700][gc,task      ] GC(2) Using 1 workers of 1 for marking
[2023-01-08T08:49:53.021+0700][gc,marking   ] GC(2) Concurrent Mark From Roots 9.314ms
[2023-01-08T08:49:53.021+0700][gc,marking   ] GC(2) Concurrent Preclean
[2023-01-08T08:49:53.021+0700][gc,marking   ] GC(2) Concurrent Preclean 0.123ms
[2023-01-08T08:49:53.021+0700][gc,marking   ] GC(2) Concurrent Mark (2.346s, 2.355s) 9.500ms
[2023-01-08T08:49:53.022+0700][gc,start     ] GC(2) Pause Remark
[2023-01-08T08:49:53.024+0700][gc,stringtable] GC(2) Cleaned string and symbol table, strings: 5130 processed, 0 removed, symbols: 52724 processed, 57 removed
[2023-01-08T08:49:53.024+0700][gc            ] GC(2) Pause Remark 9M->9M(1024M) 2.190ms
[2023-01-08T08:49:53.024+0700][gc,cpu        ] GC(2) User=0.01s Sys=0.00s Real=0.00s
[2023-01-08T08:49:53.024+0700][gc,marking    ] GC(2) Concurrent Rebuild Remembered Sets
[2023-01-08T08:49:53.030+0700][gc,marking    ] GC(2) Concurrent Rebuild Remembered Sets 6.584ms
[2023-01-08T08:49:53.031+0700][gc,start      ] GC(2) Pause Cleanup
[2023-01-08T08:49:53.031+0700][gc            ] GC(2) Pause Cleanup 9M->9M(1024M) 0.221ms
[2023-01-08T08:49:53.031+0700][gc,cpu        ] GC(2) User=0.00s Sys=0.00s Real=0.01s
[2023-01-08T08:49:53.031+0700][gc,marking    ] GC(2) Concurrent Cleanup for Next Mark
[2023-01-08T08:49:53.035+0700][gc,marking    ] GC(2) Concurrent Cleanup for Next Mark 4.041ms
[2023-01-08T08:49:53.035+0700][gc            ] GC(2) Concurrent Cycle 25.123ms
[2023-01-08T08:49:54.863+0700][gc,start      ] GC(3) Pause Young (Normal) (G1 Evacuation Pause)
[2023-01-08T08:49:54.863+0700][gc,task       ] GC(3) Using 4 workers of 4 for evacuation
[2023-01-08T08:49:54.883+0700][gc,phases     ] GC(3)   Pre Evacuate Collection Set: 0.0ms
[2023-01-08T08:49:54.883+0700][gc,phases     ] GC(3)   Evacuate Collection Set: 18.8ms
[2023-01-08T08:49:54.883+0700][gc,phases     ] GC(3)   Post Evacuate Collection Set: 0.5ms
[2023-01-08T08:49:54.883+0700][gc,phases     ] GC(3)   Other: 0.2ms
[2023-01-08T08:49:54.883+0700][gc,heap       ] GC(3) Eden regions: 49->0(46)
[2023-01-08T08:49:54.883+0700][gc,heap       ] GC(3) Survivor regions: 2->5(7)
[2023-01-08T08:49:54.883+0700][gc,heap       ] GC(3) Old regions: 9->9
[2023-01-08T08:49:54.883+0700][gc,heap       ] GC(3) Humongous regions: 129->129
[2023-01-08T08:49:54.883+0700][gc,metaspace  ] GC(3) Metaspace: 28885K->28885K(1075200K)
[2023-01-08T08:49:54.883+0700][gc            ] GC(3) Pause Young (Normal) (G1 Evacuation Pause) 186M->140M(1024M) 19.628ms
[2023-01-08T08:49:54.883+0700][gc,cpu        ] GC(3) User=0.06s Sys=0.00s Real=0.02s
[2023-01-08T08:49:56.091+0700][gc,start      ] GC(4) Pause Young (Concurrent Start) (Metadata GC Threshold)
[2023-01-08T08:49:56.091+0700][gc,task       ] GC(4) Using 4 workers of 4 for evacuation
[2023-01-08T08:49:56.109+0700][gc,phases     ] GC(4)   Pre Evacuate Collection Set: 0.1ms
[2023-01-08T08:49:56.109+0700][gc,phases     ] GC(4)   Evacuate Collection Set: 17.2ms
[2023-01-08T08:49:56.109+0700][gc,phases     ] GC(4)   Post Evacuate Collection Set: 0.5ms
[2023-01-08T08:49:56.110+0700][gc,phases     ] GC(4)   Other: 0.3ms
[2023-01-08T08:49:56.110+0700][gc,heap       ] GC(4) Eden regions: 31->0(45)
[2023-01-08T08:49:56.110+0700][gc,heap       ] GC(4) Survivor regions: 5->6(7)
[2023-01-08T08:49:56.110+0700][gc,heap       ] GC(4) Old regions: 9->10
[2023-01-08T08:49:56.110+0700][gc,heap       ] GC(4) Humongous regions: 129->129
[2023-01-08T08:49:56.110+0700][gc,metaspace  ] GC(4) Metaspace: 34631K->34631K(1081344K)
[2023-01-08T08:49:56.110+0700][gc            ] GC(4) Pause Young (Concurrent Start) (Metadata GC Threshold) 170M->142M(1024M) 18.269ms
[2023-01-08T08:49:56.110+0700][gc,cpu        ] GC(4) User=0.04s Sys=0.00s Real=0.01s
[2023-01-08T08:49:56.110+0700][gc            ] GC(5) Concurrent Cycle
[2023-01-08T08:49:56.110+0700][gc,marking    ] GC(5) Concurrent Clear Claimed Marks
[2023-01-08T08:49:56.110+0700][gc,marking    ] GC(5) Concurrent Clear Claimed Marks 0.143ms
[2023-01-08T08:49:56.110+0700][gc,marking    ] GC(5) Concurrent Scan Root Regions
[2023-01-08T08:49:56.121+0700][gc,marking    ] GC(5) Concurrent Scan Root Regions 11.232ms
[2023-01-08T08:49:56.121+0700][gc,marking    ] GC(5) Concurrent Mark (5.456s)
[2023-01-08T08:49:56.121+0700][gc,marking    ] GC(5) Concurrent Mark From Roots
[2023-01-08T08:49:56.121+0700][gc,task       ] GC(5) Using 1 workers of 1 for marking
[2023-01-08T08:49:56.147+0700][gc,marking    ] GC(5) Concurrent Mark From Roots 25.668ms
[2023-01-08T08:49:56.147+0700][gc,marking    ] GC(5) Concurrent Preclean
[2023-01-08T08:49:56.147+0700][gc,marking    ] GC(5) Concurrent Preclean 0.174ms
[2023-01-08T08:49:56.147+0700][gc,marking    ] GC(5) Concurrent Mark (5.456s, 5.482s) 25.934ms
[2023-01-08T08:49:56.148+0700][gc,start      ] GC(5) Pause Remark
[2023-01-08T08:49:56.154+0700][gc,stringtable] GC(5) Cleaned string and symbol table, strings: 10473 processed, 12 removed, symbols: 84268 processed, 13 removed
[2023-01-08T08:49:56.154+0700][gc            ] GC(5) Pause Remark 145M->145M(1024M) 6.490ms
[2023-01-08T08:49:56.154+0700][gc,cpu        ] GC(5) User=0.03s Sys=0.00s Real=0.01s
[2023-01-08T08:49:56.154+0700][gc,marking    ] GC(5) Concurrent Rebuild Remembered Sets
[2023-01-08T08:49:56.175+0700][gc,marking    ] GC(5) Concurrent Rebuild Remembered Sets 21.065ms
[2023-01-08T08:49:56.179+0700][gc,start      ] GC(5) Pause Cleanup
[2023-01-08T08:49:56.179+0700][gc            ] GC(5) Pause Cleanup 145M->145M(1024M) 0.502ms
[2023-01-08T08:49:56.179+0700][gc,cpu        ] GC(5) User=0.00s Sys=0.00s Real=0.01s
[2023-01-08T08:49:56.179+0700][gc,marking    ] GC(5) Concurrent Cleanup for Next Mark
[2023-01-08T08:49:56.193+0700][gc,marking    ] GC(5) Concurrent Cleanup for Next Mark 13.678ms
[2023-01-08T08:49:56.193+0700][gc            ] GC(5) Concurrent Cycle 83.337ms
[2023-01-08T10:21:43.619+0700][gc,start      ] GC(6) Pause Young (Normal) (G1 Evacuation Pause)
[2023-01-08T10:21:43.794+0700][gc,task       ] GC(6) Using 4 workers of 4 for evacuation
[2023-01-08T10:21:43.818+0700][gc,mmu        ] GC(6) MMU target violated: 21.0ms (20.0ms/21.0ms)
[2023-01-08T10:21:43.818+0700][gc,phases     ] GC(6)   Pre Evacuate Collection Set: 0.7ms
[2023-01-08T10:21:43.818+0700][gc,phases     ] GC(6)   Evacuate Collection Set: 22.0ms
[2023-01-08T10:21:43.818+0700][gc,phases     ] GC(6)   Post Evacuate Collection Set: 0.5ms
[2023-01-08T10:21:43.818+0700][gc,phases     ] GC(6)   Other: 176.1ms
[2023-01-08T10:21:43.818+0700][gc,heap       ] GC(6) Eden regions: 45->0(48)
[2023-01-08T10:21:43.818+0700][gc,heap       ] GC(6) Survivor regions: 6->3(7)
[2023-01-08T10:21:43.818+0700][gc,heap       ] GC(6) Old regions: 10->13
[2023-01-08T10:21:43.818+0700][gc,heap       ] GC(6) Humongous regions: 129->129
[2023-01-08T10:21:43.818+0700][gc,metaspace  ] GC(6) Metaspace: 36972K->36972K(1083392K)
[2023-01-08T10:21:43.818+0700][gc            ] GC(6) Pause Young (Normal) (G1 Evacuation Pause) 187M->142M(1024M) 199.239ms
[2023-01-08T10:21:43.818+0700][gc,cpu        ] GC(6) User=0.06s Sys=0.00s Real=0.19s
[2023-01-08T10:59:01.081+0700][gc,start      ] GC(7) Pause Young (Normal) (G1 Evacuation Pause)
[2023-01-08T10:59:01.081+0700][gc,task       ] GC(7) Using 4 workers of 4 for evacuation
[2023-01-08T10:59:01.093+0700][gc,phases     ] GC(7)   Pre Evacuate Collection Set: 0.1ms
[2023-01-08T10:59:01.093+0700][gc,phases     ] GC(7)   Evacuate Collection Set: 9.7ms
[2023-01-08T10:59:01.093+0700][gc,phases     ] GC(7)   Post Evacuate Collection Set: 2.0ms
[2023-01-08T10:59:01.093+0700][gc,phases     ] GC(7)   Other: 0.3ms
[2023-01-08T10:59:01.093+0700][gc,heap       ] GC(7) Eden regions: 48->0(47)
[2023-01-08T10:59:01.093+0700][gc,heap       ] GC(7) Survivor regions: 3->4(7)
[2023-01-08T10:59:01.093+0700][gc,heap       ] GC(7) Old regions: 13->13
[2023-01-08T10:59:01.093+0700][gc,heap       ] GC(7) Humongous regions: 129->129
[2023-01-08T10:59:01.093+0700][gc,metaspace  ] GC(7) Metaspace: 41464K->41464K(1087488K)
[2023-01-08T10:59:01.093+0700][gc            ] GC(7) Pause Young (Normal) (G1 Evacuation Pause) 190M->143M(1024M) 12.142ms
[2023-01-08T10:59:01.093+0700][gc,cpu        ] GC(7) User=0.03s Sys=0.00s Real=0.01s
[2023-01-08T11:04:39.303+0700][gc,start      ] GC(8) Pause Young (Normal) (G1 Evacuation Pause)
[2023-01-08T11:04:39.761+0700][gc,task       ] GC(8) Using 4 workers of 4 for evacuation
[2023-01-08T11:04:39.794+0700][gc,mmu        ] GC(8) MMU target violated: 21.0ms (20.0ms/21.0ms)
[2023-01-08T11:04:39.794+0700][gc,phases     ] GC(8)   Pre Evacuate Collection Set: 0.1ms
[2023-01-08T11:04:39.794+0700][gc,phases     ] GC(8)   Evacuate Collection Set: 31.1ms
[2023-01-08T11:04:39.794+0700][gc,phases     ] GC(8)   Post Evacuate Collection Set: 1.3ms
[2023-01-08T11:04:39.794+0700][gc,phases     ] GC(8)   Other: 458.4ms
[2023-01-08T11:04:39.794+0700][gc,heap       ] GC(8) Eden regions: 47->0(44)
[2023-01-08T11:04:39.794+0700][gc,heap       ] GC(8) Survivor regions: 4->7(7)
[2023-01-08T11:04:39.794+0700][gc,heap       ] GC(8) Old regions: 13->13
[2023-01-08T11:04:39.794+0700][gc,heap       ] GC(8) Humongous regions: 129->129
[2023-01-08T11:04:39.794+0700][gc,metaspace  ] GC(8) Metaspace: 44840K->44840K(1089536K)
[2023-01-08T11:04:39.794+0700][gc            ] GC(8) Pause Young (Normal) (G1 Evacuation Pause) 190M->147M(1024M) 491.260ms
[2023-01-08T11:04:39.794+0700][gc,cpu        ] GC(8) User=0.13s Sys=0.00s Real=0.49s
[2023-01-08T11:18:53.960+0700][gc,start      ] GC(9) Pause Young (Normal) (G1 Evacuation Pause)
[2023-01-08T11:18:53.960+0700][gc,task       ] GC(9) Using 4 workers of 4 for evacuation
[2023-01-08T11:18:53.973+0700][gc,phases     ] GC(9)   Pre Evacuate Collection Set: 0.1ms
[2023-01-08T11:18:53.973+0700][gc,phases     ] GC(9)   Evacuate Collection Set: 12.6ms
[2023-01-08T11:18:53.973+0700][gc,phases     ] GC(9)   Post Evacuate Collection Set: 0.4ms
[2023-01-08T11:18:53.973+0700][gc,phases     ] GC(9)   Other: 0.5ms
[2023-01-08T11:18:53.973+0700][gc,heap       ] GC(9) Eden regions: 44->0(47)
[2023-01-08T11:18:53.973+0700][gc,heap       ] GC(9) Survivor regions: 7->4(7)
[2023-01-08T11:18:53.973+0700][gc,heap       ] GC(9) Old regions: 13->16
[2023-01-08T11:18:53.973+0700][gc,heap       ] GC(9) Humongous regions: 129->129
[2023-01-08T11:18:53.973+0700][gc,metaspace  ] GC(9) Metaspace: 45018K->45018K(1089536K)
[2023-01-08T11:18:53.973+0700][gc            ] GC(9) Pause Young (Normal) (G1 Evacuation Pause) 191M->146M(1024M) 13.620ms
[2023-01-08T11:18:53.974+0700][gc,cpu        ] GC(9) User=0.05s Sys=0.01s Real=0.01s
[2023-01-08T11:54:49.856+0700][gc,start      ] GC(10) Pause Young (Normal) (G1 Evacuation Pause)
[2023-01-08T11:54:49.856+0700][gc,task       ] GC(10) Using 4 workers of 4 for evacuation
[2023-01-08T11:54:49.876+0700][gc,phases     ] GC(10)   Pre Evacuate Collection Set: 0.2ms
[2023-01-08T11:54:49.876+0700][gc,phases     ] GC(10)   Evacuate Collection Set: 18.1ms
[2023-01-08T11:54:49.876+0700][gc,phases     ] GC(10)   Post Evacuate Collection Set: 0.9ms
[2023-01-08T11:54:49.876+0700][gc,phases     ] GC(10)   Other: 0.6ms
[2023-01-08T11:54:49.876+0700][gc,heap       ] GC(10) Eden regions: 47->0(47)
[2023-01-08T11:54:49.876+0700][gc,heap       ] GC(10) Survivor regions: 4->4(7)
[2023-01-08T11:54:49.876+0700][gc,heap       ] GC(10) Old regions: 16->16
[2023-01-08T11:54:49.876+0700][gc,heap       ] GC(10) Humongous regions: 129->129
[2023-01-08T11:54:49.876+0700][gc,metaspace  ] GC(10) Metaspace: 45073K->45073K(1089536K)
[2023-01-08T11:54:49.876+0700][gc            ] GC(10) Pause Young (Normal) (G1 Evacuation Pause) 193M->147M(1024M) 20.111ms
[2023-01-08T11:54:49.876+0700][gc,cpu        ] GC(10) User=0.06s Sys=0.01s Real=0.02s
[2023-01-08T12:31:44.810+0700][gc,start      ] GC(11) Pause Young (Normal) (G1 Evacuation Pause)
[2023-01-08T12:31:44.810+0700][gc,task       ] GC(11) Using 4 workers of 4 for evacuation
[2023-01-08T12:31:44.819+0700][gc,phases     ] GC(11)   Pre Evacuate Collection Set: 0.1ms
[2023-01-08T12:31:44.819+0700][gc,phases     ] GC(11)   Evacuate Collection Set: 7.8ms
[2023-01-08T12:31:44.819+0700][gc,phases     ] GC(11)   Post Evacuate Collection Set: 0.5ms
[2023-01-08T12:31:44.819+0700][gc,phases     ] GC(11)   Other: 0.5ms
[2023-01-08T12:31:44.819+0700][gc,heap       ] GC(11) Eden regions: 47->0(47)
[2023-01-08T12:31:44.819+0700][gc,heap       ] GC(11) Survivor regions: 4->4(7)
[2023-01-08T12:31:44.819+0700][gc,heap       ] GC(11) Old regions: 16->16
[2023-01-08T12:31:44.819+0700][gc,heap       ] GC(11) Humongous regions: 129->129
[2023-01-08T12:31:44.819+0700][gc,metaspace  ] GC(11) Metaspace: 45084K->45084K(1089536K)
[2023-01-08T12:31:44.819+0700][gc            ] GC(11) Pause Young (Normal) (G1 Evacuation Pause) 194M->147M(1024M) 8.995ms
[2023-01-08T12:31:44.819+0700][gc,cpu        ] GC(11) User=0.03s Sys=0.00s Real=0.02s
[2023-01-08T13:08:44.810+0700][gc,start      ] GC(12) Pause Young (Normal) (G1 Evacuation Pause)
[2023-01-08T13:08:44.810+0700][gc,task       ] GC(12) Using 4 workers of 4 for evacuation
[2023-01-08T13:08:44.819+0700][gc,phases     ] GC(12)   Pre Evacuate Collection Set: 0.1ms
[2023-01-08T13:08:44.819+0700][gc,phases     ] GC(12)   Evacuate Collection Set: 7.6ms
[2023-01-08T13:08:44.819+0700][gc,phases     ] GC(12)   Post Evacuate Collection Set: 0.6ms
[2023-01-08T13:08:44.819+0700][gc,phases     ] GC(12)   Other: 0.5ms
[2023-01-08T13:08:44.819+0700][gc,heap       ] GC(12) Eden regions: 47->0(47)
[2023-01-08T13:08:44.819+0700][gc,heap       ] GC(12) Survivor regions: 4->4(7)
[2023-01-08T13:08:44.819+0700][gc,heap       ] GC(12) Old regions: 16->16
[2023-01-08T13:08:44.819+0700][gc,heap       ] GC(12) Humongous regions: 129->129
[2023-01-08T13:08:44.819+0700][gc,metaspace  ] GC(12) Metaspace: 45110K->45110K(1089536K)
[2023-01-08T13:08:44.819+0700][gc            ] GC(12) Pause Young (Normal) (G1 Evacuation Pause) 194M->146M(1024M) 8.932ms
[2023-01-08T13:08:44.819+0700][gc,cpu        ] GC(12) User=0.03s Sys=0.00s Real=0.01s
[2023-01-08T13:45:44.810+0700][gc,start      ] GC(13) Pause Young (Normal) (G1 Evacuation Pause)
[2023-01-08T13:45:44.810+0700][gc,task       ] GC(13) Using 4 workers of 4 for evacuation
[2023-01-08T13:45:44.819+0700][gc,phases     ] GC(13)   Pre Evacuate Collection Set: 0.1ms
[2023-01-08T13:45:44.819+0700][gc,phases     ] GC(13)   Evacuate Collection Set: 8.0ms
[2023-01-08T13:45:44.819+0700][gc,phases     ] GC(13)   Post Evacuate Collection Set: 0.6ms
[2023-01-08T13:45:44.819+0700][gc,phases     ] GC(13)   Other: 0.5ms
[2023-01-08T13:45:44.819+0700][gc,heap       ] GC(13) Eden regions: 47->0(51)
[2023-01-08T13:45:44.819+0700][gc,heap       ] GC(13) Survivor regions: 4->4(7)
[2023-01-08T13:45:44.819+0700][gc,heap       ] GC(13) Old regions: 16->16
[2023-01-08T13:45:44.819+0700][gc,heap       ] GC(13) Humongous regions: 129->129
[2023-01-08T13:45:44.819+0700][gc,metaspace  ] GC(13) Metaspace: 45112K->45112K(1089536K)
[2023-01-08T13:45:44.819+0700][gc            ] GC(13) Pause Young (Normal) (G1 Evacuation Pause) 193M->146M(1024M) 9.288ms
[2023-01-08T13:45:44.819+0700][gc,cpu        ] GC(13) User=0.04s Sys=0.00s Real=0.02s
[2023-01-08T14:26:10.178+0700][gc,start      ] GC(14) Pause Young (Normal) (G1 Evacuation Pause)
[2023-01-08T14:26:10.178+0700][gc,task       ] GC(14) Using 4 workers of 4 for evacuation
[2023-01-08T14:26:10.188+0700][gc,phases     ] GC(14)   Pre Evacuate Collection Set: 0.0ms
[2023-01-08T14:26:10.188+0700][gc,phases     ] GC(14)   Evacuate Collection Set: 9.1ms
[2023-01-08T14:26:10.188+0700][gc,phases     ] GC(14)   Post Evacuate Collection Set: 0.5ms
[2023-01-08T14:26:10.188+0700][gc,phases     ] GC(14)   Other: 0.6ms
[2023-01-08T14:26:10.188+0700][gc,heap       ] GC(14) Eden regions: 51->0(55)
[2023-01-08T14:26:10.188+0700][gc,heap       ] GC(14) Survivor regions: 4->4(7)
[2023-01-08T14:26:10.188+0700][gc,heap       ] GC(14) Old regions: 16->16
[2023-01-08T14:26:10.188+0700][gc,heap       ] GC(14) Humongous regions: 129->129
[2023-01-08T14:26:10.188+0700][gc,metaspace  ] GC(14) Metaspace: 45126K->45126K(1089536K)
[2023-01-08T14:26:10.188+0700][gc            ] GC(14) Pause Young (Normal) (G1 Evacuation Pause) 197M->146M(1024M) 10.289ms
[2023-01-08T14:26:10.188+0700][gc,cpu        ] GC(14) User=0.03s Sys=0.00s Real=0.01s
[2023-01-08T15:09:24.810+0700][gc,start      ] GC(15) Pause Young (Normal) (G1 Evacuation Pause)
[2023-01-08T15:09:24.810+0700][gc,task       ] GC(15) Using 4 workers of 4 for evacuation
[2023-01-08T15:09:24.817+0700][gc,phases     ] GC(15)   Pre Evacuate Collection Set: 0.0ms
[2023-01-08T15:09:24.817+0700][gc,phases     ] GC(15)   Evacuate Collection Set: 6.0ms
[2023-01-08T15:09:24.817+0700][gc,phases     ] GC(15)   Post Evacuate Collection Set: 0.4ms
[2023-01-08T15:09:24.817+0700][gc,phases     ] GC(15)   Other: 0.5ms
[2023-01-08T15:09:24.817+0700][gc,heap       ] GC(15) Eden regions: 55->0(61)
[2023-01-08T15:09:24.817+0700][gc,heap       ] GC(15) Survivor regions: 4->4(8)
[2023-01-08T15:09:24.817+0700][gc,heap       ] GC(15) Old regions: 16->16
[2023-01-08T15:09:24.817+0700][gc,heap       ] GC(15) Humongous regions: 129->129
[2023-01-08T15:09:24.817+0700][gc,metaspace  ] GC(15) Metaspace: 45126K->45126K(1089536K)
[2023-01-08T15:09:24.817+0700][gc            ] GC(15) Pause Young (Normal) (G1 Evacuation Pause) 201M->146M(1024M) 7.070ms
[2023-01-08T15:09:24.817+0700][gc,cpu        ] GC(15) User=0.02s Sys=0.00s Real=0.01s
[2023-01-08T15:57:29.810+0700][gc,start      ] GC(16) Pause Young (Normal) (G1 Evacuation Pause)
[2023-01-08T15:57:29.810+0700][gc,task       ] GC(16) Using 4 workers of 4 for evacuation
[2023-01-08T15:57:29.820+0700][gc,phases     ] GC(16)   Pre Evacuate Collection Set: 0.0ms
[2023-01-08T15:57:29.820+0700][gc,phases     ] GC(16)   Evacuate Collection Set: 9.0ms
[2023-01-08T15:57:29.820+0700][gc,phases     ] GC(16)   Post Evacuate Collection Set: 0.4ms
[2023-01-08T15:57:29.820+0700][gc,phases     ] GC(16)   Other: 0.5ms
[2023-01-08T15:57:29.820+0700][gc,heap       ] GC(16) Eden regions: 61->0(67)
[2023-01-08T15:57:29.820+0700][gc,heap       ] GC(16) Survivor regions: 4->4(9)
[2023-01-08T15:57:29.820+0700][gc,heap       ] GC(16) Old regions: 16->16
[2023-01-08T15:57:29.820+0700][gc,heap       ] GC(16) Humongous regions: 129->129
[2023-01-08T15:57:29.820+0700][gc,metaspace  ] GC(16) Metaspace: 45133K->45133K(1089536K)
[2023-01-08T15:57:29.820+0700][gc            ] GC(16) Pause Young (Normal) (G1 Evacuation Pause) 207M->147M(1024M) 10.096ms
[2023-01-08T15:57:29.820+0700][gc,cpu        ] GC(16) User=0.04s Sys=0.00s Real=0.02s
[2023-01-08T16:50:32.424+0700][gc,start      ] GC(17) Pause Young (Normal) (G1 Evacuation Pause)
[2023-01-08T16:50:32.424+0700][gc,task       ] GC(17) Using 4 workers of 4 for evacuation
[2023-01-08T16:50:32.433+0700][gc,phases     ] GC(17)   Pre Evacuate Collection Set: 0.0ms
[2023-01-08T16:50:32.433+0700][gc,phases     ] GC(17)   Evacuate Collection Set: 8.2ms
[2023-01-08T16:50:32.433+0700][gc,phases     ] GC(17)   Post Evacuate Collection Set: 0.5ms
[2023-01-08T16:50:32.433+0700][gc,phases     ] GC(17)   Other: 0.5ms
[2023-01-08T16:50:32.433+0700][gc,heap       ] GC(17) Eden regions: 67->0(76)
[2023-01-08T16:50:32.433+0700][gc,heap       ] GC(17) Survivor regions: 4->4(9)
[2023-01-08T16:50:32.433+0700][gc,heap       ] GC(17) Old regions: 16->16
[2023-01-08T16:50:32.433+0700][gc,heap       ] GC(17) Humongous regions: 129->129
[2023-01-08T16:50:32.433+0700][gc,metaspace  ] GC(17) Metaspace: 45136K->45136K(1089536K)
[2023-01-08T16:50:32.433+0700][gc            ] GC(17) Pause Young (Normal) (G1 Evacuation Pause) 214M->146M(1024M) 9.324ms
[2023-01-08T16:50:32.433+0700][gc,cpu        ] GC(17) User=0.03s Sys=0.00s Real=0.01s
[2023-01-08T17:50:54.454+0700][gc,start      ] GC(18) Pause Young (Normal) (G1 Evacuation Pause)
[2023-01-08T17:50:54.454+0700][gc,task       ] GC(18) Using 4 workers of 4 for evacuation
[2023-01-08T17:50:54.464+0700][gc,phases     ] GC(18)   Pre Evacuate Collection Set: 0.0ms
[2023-01-08T17:50:54.464+0700][gc,phases     ] GC(18)   Evacuate Collection Set: 9.3ms
[2023-01-08T17:50:54.464+0700][gc,phases     ] GC(18)   Post Evacuate Collection Set: 0.4ms
[2023-01-08T17:50:54.464+0700][gc,phases     ] GC(18)   Other: 0.5ms
[2023-01-08T17:50:54.464+0700][gc,heap       ] GC(18) Eden regions: 76->0(83)
[2023-01-08T17:50:54.464+0700][gc,heap       ] GC(18) Survivor regions: 4->4(10)
[2023-01-08T17:50:54.464+0700][gc,heap       ] GC(18) Old regions: 16->16
[2023-01-08T17:50:54.464+0700][gc,heap       ] GC(18) Humongous regions: 129->129
[2023-01-08T17:50:54.464+0700][gc,metaspace  ] GC(18) Metaspace: 45149K->45149K(1089536K)
[2023-01-08T17:50:54.464+0700][gc            ] GC(18) Pause Young (Normal) (G1 Evacuation Pause) 222M->146M(1024M) 10.362ms
[2023-01-08T17:50:54.464+0700][gc,cpu        ] GC(18) User=0.04s Sys=0.00s Real=0.01s
[2023-01-08T18:56:50.523+0700][gc,start      ] GC(19) Pause Young (Normal) (G1 Evacuation Pause)
[2023-01-08T18:56:50.523+0700][gc,task       ] GC(19) Using 4 workers of 4 for evacuation
[2023-01-08T18:56:50.534+0700][gc,phases     ] GC(19)   Pre Evacuate Collection Set: 0.0ms
[2023-01-08T18:56:50.534+0700][gc,phases     ] GC(19)   Evacuate Collection Set: 9.1ms
[2023-01-08T18:56:50.534+0700][gc,phases     ] GC(19)   Post Evacuate Collection Set: 0.5ms
[2023-01-08T18:56:50.534+0700][gc,phases     ] GC(19)   Other: 0.6ms
[2023-01-08T18:56:50.534+0700][gc,heap       ] GC(19) Eden regions: 83->0(90)
[2023-01-08T18:56:50.534+0700][gc,heap       ] GC(19) Survivor regions: 4->4(11)
[2023-01-08T18:56:50.534+0700][gc,heap       ] GC(19) Old regions: 16->16
[2023-01-08T18:56:50.534+0700][gc,heap       ] GC(19) Humongous regions: 129->129
[2023-01-08T18:56:50.534+0700][gc,metaspace  ] GC(19) Metaspace: 45152K->45152K(1089536K)
[2023-01-08T18:56:50.534+0700][gc            ] GC(19) Pause Young (Normal) (G1 Evacuation Pause) 229M->146M(1024M) 10.326ms
[2023-01-08T18:56:50.534+0700][gc,cpu        ] GC(19) User=0.04s Sys=0.00s Real=0.01s
[2023-01-08T20:08:42.229+0700][gc,start      ] GC(20) Pause Young (Normal) (G1 Evacuation Pause)
[2023-01-08T20:08:42.229+0700][gc,task       ] GC(20) Using 4 workers of 4 for evacuation
[2023-01-08T20:08:42.238+0700][gc,phases     ] GC(20)   Pre Evacuate Collection Set: 0.0ms
[2023-01-08T20:08:42.238+0700][gc,phases     ] GC(20)   Evacuate Collection Set: 8.5ms
[2023-01-08T20:08:42.238+0700][gc,phases     ] GC(20)   Post Evacuate Collection Set: 0.4ms
[2023-01-08T20:08:42.238+0700][gc,phases     ] GC(20)   Other: 0.5ms
[2023-01-08T20:08:42.238+0700][gc,heap       ] GC(20) Eden regions: 90->0(100)
[2023-01-08T20:08:42.238+0700][gc,heap       ] GC(20) Survivor regions: 4->4(12)
[2023-01-08T20:08:42.238+0700][gc,heap       ] GC(20) Old regions: 16->16
[2023-01-08T20:08:42.238+0700][gc,heap       ] GC(20) Humongous regions: 129->129
[2023-01-08T20:08:42.238+0700][gc,metaspace  ] GC(20) Metaspace: 45156K->45156K(1089536K)
[2023-01-08T20:08:42.238+0700][gc            ] GC(20) Pause Young (Normal) (G1 Evacuation Pause) 236M->146M(1024M) 9.447ms
[2023-01-08T20:08:42.238+0700][gc,cpu        ] GC(20) User=0.03s Sys=0.00s Real=0.01s
[2023-01-08T21:28:29.810+0700][gc,start      ] GC(21) Pause Young (Normal) (G1 Evacuation Pause)
[2023-01-08T21:28:29.810+0700][gc,task       ] GC(21) Using 4 workers of 4 for evacuation
[2023-01-08T21:28:29.821+0700][gc,phases     ] GC(21)   Pre Evacuate Collection Set: 0.0ms
[2023-01-08T21:28:29.821+0700][gc,phases     ] GC(21)   Evacuate Collection Set: 9.8ms
[2023-01-08T21:28:29.821+0700][gc,phases     ] GC(21)   Post Evacuate Collection Set: 0.5ms
[2023-01-08T21:28:29.821+0700][gc,phases     ] GC(21)   Other: 0.5ms
[2023-01-08T21:28:29.821+0700][gc,heap       ] GC(21) Eden regions: 100->0(111)
[2023-01-08T21:28:29.821+0700][gc,heap       ] GC(21) Survivor regions: 4->4(13)
[2023-01-08T21:28:29.821+0700][gc,heap       ] GC(21) Old regions: 16->16
[2023-01-08T21:28:29.821+0700][gc,heap       ] GC(21) Humongous regions: 129->129
[2023-01-08T21:28:29.821+0700][gc,metaspace  ] GC(21) Metaspace: 45173K->45173K(1089536K)
[2023-01-08T21:28:29.821+0700][gc            ] GC(21) Pause Young (Normal) (G1 Evacuation Pause) 246M->146M(1024M) 10.971ms
[2023-01-08T21:28:29.821+0700][gc,cpu        ] GC(21) User=0.03s Sys=0.01s Real=0.02s
[2023-01-08T22:04:08.193+0700][gc,heap,exit  ] Heap
[2023-01-08T22:04:08.193+0700][gc,heap,exit  ]  garbage-first heap   total 1048576K, used 204629K [0x00000000c0000000, 0x0000000100000000)
[2023-01-08T22:04:08.193+0700][gc,heap,exit  ]   region size 1024K, 59 young (60416K), 4 survivors (4096K)
[2023-01-08T22:04:08.193+0700][gc,heap,exit  ]  Metaspace       used 45985K, capacity 48938K, committed 49052K, reserved 1091584K
[2023-01-08T22:04:08.193+0700][gc,heap,exit  ]   class space    used 6402K, capacity 7831K, committed 7880K, reserved 1048576K
