[2023-01-08T06:33:11.795+0700][gc,heap] Heap region size: 1M
[2023-01-08T06:33:11.803+0700][gc     ] Using G1
[2023-01-08T06:33:11.803+0700][gc,heap,coops] Heap address: 0x00000000c0000000, size: 1024 MB, Compressed Oops mode: 32-bit
[2023-01-08T06:33:11.804+0700][gc,cds       ] Mark closed archive regions in map: [0x00000000ffe00000, 0x00000000ffe6aff8]
[2023-01-08T06:33:11.804+0700][gc,cds       ] Mark open archive regions in map: [0x00000000ffc00000, 0x00000000ffc46ff8]
[2023-01-08T06:33:12.889+0700][gc,start     ] GC(0) Pause Young (Normal) (G1 Evacuation Pause)
[2023-01-08T06:33:12.890+0700][gc,task      ] GC(0) Using 4 workers of 4 for evacuation
[2023-01-08T06:33:12.901+0700][gc,phases    ] GC(0)   Pre Evacuate Collection Set: 0.0ms
[2023-01-08T06:33:12.901+0700][gc,phases    ] GC(0)   Evacuate Collection Set: 11.3ms
[2023-01-08T06:33:12.901+0700][gc,phases    ] GC(0)   Post Evacuate Collection Set: 0.3ms
[2023-01-08T06:33:12.902+0700][gc,phases    ] GC(0)   Other: 0.6ms
[2023-01-08T06:33:12.902+0700][gc,heap      ] GC(0) Eden regions: 51->0(44)
[2023-01-08T06:33:12.902+0700][gc,heap      ] GC(0) Survivor regions: 0->7(7)
[2023-01-08T06:33:12.902+0700][gc,heap      ] GC(0) Old regions: 2->2
[2023-01-08T06:33:12.902+0700][gc,heap      ] GC(0) Humongous regions: 0->0
[2023-01-08T06:33:12.902+0700][gc,metaspace ] GC(0) Metaspace: 14195K->14195K(1062912K)
[2023-01-08T06:33:12.902+0700][gc           ] GC(0) Pause Young (Normal) (G1 Evacuation Pause) 51M->7M(1024M) 12.317ms
[2023-01-08T06:33:12.902+0700][gc,cpu       ] GC(0) User=0.03s Sys=0.01s Real=0.02s
[2023-01-08T06:33:14.145+0700][gc,start     ] GC(1) Pause Young (Concurrent Start) (Metadata GC Threshold)
[2023-01-08T06:33:14.145+0700][gc,task      ] GC(1) Using 4 workers of 4 for evacuation
[2023-01-08T06:33:14.164+0700][gc,phases    ] GC(1)   Pre Evacuate Collection Set: 0.0ms
[2023-01-08T06:33:14.164+0700][gc,phases    ] GC(1)   Evacuate Collection Set: 18.3ms
[2023-01-08T06:33:14.164+0700][gc,phases    ] GC(1)   Post Evacuate Collection Set: 0.3ms
[2023-01-08T06:33:14.164+0700][gc,phases    ] GC(1)   Other: 0.2ms
[2023-01-08T06:33:14.164+0700][gc,heap      ] GC(1) Eden regions: 29->0(49)
[2023-01-08T06:33:14.164+0700][gc,heap      ] GC(1) Survivor regions: 7->2(7)
[2023-01-08T06:33:14.164+0700][gc,heap      ] GC(1) Old regions: 2->9
[2023-01-08T06:33:14.164+0700][gc,heap      ] GC(1) Humongous regions: 0->0
[2023-01-08T06:33:14.164+0700][gc,metaspace ] GC(1) Metaspace: 20582K->20582K(1067008K)
[2023-01-08T06:33:14.164+0700][gc           ] GC(1) Pause Young (Concurrent Start) (Metadata GC Threshold) 36M->8M(1024M) 19.038ms
[2023-01-08T06:33:14.164+0700][gc,cpu       ] GC(1) User=0.04s Sys=0.00s Real=0.02s
[2023-01-08T06:33:14.164+0700][gc           ] GC(2) Concurrent Cycle
[2023-01-08T06:33:14.164+0700][gc,marking   ] GC(2) Concurrent Clear Claimed Marks
[2023-01-08T06:33:14.164+0700][gc,marking   ] GC(2) Concurrent Clear Claimed Marks 0.053ms
[2023-01-08T06:33:14.164+0700][gc,marking   ] GC(2) Concurrent Scan Root Regions
[2023-01-08T06:33:14.165+0700][gc,marking   ] GC(2) Concurrent Scan Root Regions 1.184ms
[2023-01-08T06:33:14.165+0700][gc,marking   ] GC(2) Concurrent Mark (2.373s)
[2023-01-08T06:33:14.165+0700][gc,marking   ] GC(2) Concurrent Mark From Roots
[2023-01-08T06:33:14.165+0700][gc,task      ] GC(2) Using 1 workers of 1 for marking
[2023-01-08T06:33:14.179+0700][gc,marking   ] GC(2) Concurrent Mark From Roots 13.851ms
[2023-01-08T06:33:14.179+0700][gc,marking   ] GC(2) Concurrent Preclean
[2023-01-08T06:33:14.179+0700][gc,marking   ] GC(2) Concurrent Preclean 0.089ms
[2023-01-08T06:33:14.179+0700][gc,marking   ] GC(2) Concurrent Mark (2.373s, 2.387s) 13.993ms
[2023-01-08T06:33:14.179+0700][gc,start     ] GC(2) Pause Remark
[2023-01-08T06:33:14.181+0700][gc,stringtable] GC(2) Cleaned string and symbol table, strings: 5130 processed, 0 removed, symbols: 52723 processed, 57 removed
[2023-01-08T06:33:14.182+0700][gc            ] GC(2) Pause Remark 9M->9M(1024M) 2.258ms
[2023-01-08T06:33:14.182+0700][gc,cpu        ] GC(2) User=0.00s Sys=0.00s Real=0.00s
[2023-01-08T06:33:14.182+0700][gc,marking    ] GC(2) Concurrent Rebuild Remembered Sets
[2023-01-08T06:33:14.187+0700][gc,marking    ] GC(2) Concurrent Rebuild Remembered Sets 5.101ms
[2023-01-08T06:33:14.187+0700][gc,start      ] GC(2) Pause Cleanup
[2023-01-08T06:33:14.187+0700][gc            ] GC(2) Pause Cleanup 9M->9M(1024M) 0.330ms
[2023-01-08T06:33:14.187+0700][gc,cpu        ] GC(2) User=0.00s Sys=0.00s Real=0.00s
[2023-01-08T06:33:14.187+0700][gc,marking    ] GC(2) Concurrent Cleanup for Next Mark
[2023-01-08T06:33:14.193+0700][gc,marking    ] GC(2) Concurrent Cleanup for Next Mark 5.730ms
[2023-01-08T06:33:14.193+0700][gc            ] GC(2) Concurrent Cycle 29.138ms
[2023-01-08T06:33:15.258+0700][gc,heap,exit  ] Heap
[2023-01-08T06:33:15.258+0700][gc,heap,exit  ]  garbage-first heap   total 1048576K, used 187807K [0x00000000c0000000, 0x0000000100000000)
[2023-01-08T06:33:15.258+0700][gc,heap,exit  ]   region size 1024K, 49 young (50176K), 2 survivors (2048K)
[2023-01-08T06:33:15.258+0700][gc,heap,exit  ]  Metaspace       used 28647K, capacity 29710K, committed 29948K, reserved 1075200K
[2023-01-08T06:33:15.258+0700][gc,heap,exit  ]   class space    used 3740K, capacity 4219K, committed 4348K, reserved 1048576K
