[2023-01-08T06:12:15.927+0700][gc,heap] Heap region size: 1M
[2023-01-08T06:12:15.937+0700][gc     ] Using G1
[2023-01-08T06:12:15.937+0700][gc,heap,coops] Heap address: 0x00000000c0000000, size: 1024 MB, Compressed Oops mode: 32-bit
[2023-01-08T06:12:15.937+0700][gc,cds       ] Mark closed archive regions in map: [0x00000000ffe00000, 0x00000000ffe6aff8]
[2023-01-08T06:12:15.937+0700][gc,cds       ] Mark open archive regions in map: [0x00000000ffc00000, 0x00000000ffc46ff8]
[2023-01-08T06:12:17.098+0700][gc,start     ] GC(0) Pause Young (Normal) (G1 Evacuation Pause)
[2023-01-08T06:12:17.099+0700][gc,task      ] GC(0) Using 4 workers of 4 for evacuation
[2023-01-08T06:12:17.114+0700][gc,phases    ] GC(0)   Pre Evacuate Collection Set: 0.0ms
[2023-01-08T06:12:17.114+0700][gc,phases    ] GC(0)   Evacuate Collection Set: 14.7ms
[2023-01-08T06:12:17.114+0700][gc,phases    ] GC(0)   Post Evacuate Collection Set: 0.4ms
[2023-01-08T06:12:17.114+0700][gc,phases    ] GC(0)   Other: 0.8ms
[2023-01-08T06:12:17.114+0700][gc,heap      ] GC(0) Eden regions: 51->0(44)
[2023-01-08T06:12:17.114+0700][gc,heap      ] GC(0) Survivor regions: 0->7(7)
[2023-01-08T06:12:17.114+0700][gc,heap      ] GC(0) Old regions: 2->2
[2023-01-08T06:12:17.114+0700][gc,heap      ] GC(0) Humongous regions: 0->0
[2023-01-08T06:12:17.114+0700][gc,metaspace ] GC(0) Metaspace: 14257K->14257K(1062912K)
[2023-01-08T06:12:17.114+0700][gc           ] GC(0) Pause Young (Normal) (G1 Evacuation Pause) 51M->7M(1024M) 16.007ms
[2023-01-08T06:12:17.114+0700][gc,cpu       ] GC(0) User=0.06s Sys=0.00s Real=0.02s
[2023-01-08T06:12:18.504+0700][gc,start     ] GC(1) Pause Young (Concurrent Start) (Metadata GC Threshold)
[2023-01-08T06:12:18.504+0700][gc,task      ] GC(1) Using 4 workers of 4 for evacuation
[2023-01-08T06:12:18.516+0700][gc,phases    ] GC(1)   Pre Evacuate Collection Set: 0.1ms
[2023-01-08T06:12:18.516+0700][gc,phases    ] GC(1)   Evacuate Collection Set: 11.2ms
[2023-01-08T06:12:18.516+0700][gc,phases    ] GC(1)   Post Evacuate Collection Set: 0.4ms
[2023-01-08T06:12:18.516+0700][gc,phases    ] GC(1)   Other: 0.2ms
[2023-01-08T06:12:18.516+0700][gc,heap      ] GC(1) Eden regions: 27->0(50)
[2023-01-08T06:12:18.516+0700][gc,heap      ] GC(1) Survivor regions: 7->1(7)
[2023-01-08T06:12:18.516+0700][gc,heap      ] GC(1) Old regions: 2->9
[2023-01-08T06:12:18.516+0700][gc,heap      ] GC(1) Humongous regions: 0->0
[2023-01-08T06:12:18.516+0700][gc,metaspace ] GC(1) Metaspace: 20536K->20536K(1067008K)
[2023-01-08T06:12:18.516+0700][gc           ] GC(1) Pause Young (Concurrent Start) (Metadata GC Threshold) 34M->8M(1024M) 11.983ms
[2023-01-08T06:12:18.516+0700][gc,cpu       ] GC(1) User=0.03s Sys=0.01s Real=0.01s
[2023-01-08T06:12:18.516+0700][gc           ] GC(2) Concurrent Cycle
[2023-01-08T06:12:18.516+0700][gc,marking   ] GC(2) Concurrent Clear Claimed Marks
[2023-01-08T06:12:18.516+0700][gc,marking   ] GC(2) Concurrent Clear Claimed Marks 0.052ms
[2023-01-08T06:12:18.516+0700][gc,marking   ] GC(2) Concurrent Scan Root Regions
[2023-01-08T06:12:18.517+0700][gc,marking   ] GC(2) Concurrent Scan Root Regions 1.141ms
[2023-01-08T06:12:18.517+0700][gc,marking   ] GC(2) Concurrent Mark (2.593s)
[2023-01-08T06:12:18.517+0700][gc,marking   ] GC(2) Concurrent Mark From Roots
[2023-01-08T06:12:18.517+0700][gc,task      ] GC(2) Using 1 workers of 1 for marking
[2023-01-08T06:12:18.531+0700][gc,marking   ] GC(2) Concurrent Mark From Roots 13.862ms
[2023-01-08T06:12:18.531+0700][gc,marking   ] GC(2) Concurrent Preclean
[2023-01-08T06:12:18.531+0700][gc,marking   ] GC(2) Concurrent Preclean 0.093ms
[2023-01-08T06:12:18.531+0700][gc,marking   ] GC(2) Concurrent Mark (2.593s, 2.607s) 14.008ms
[2023-01-08T06:12:18.531+0700][gc,start     ] GC(2) Pause Remark
[2023-01-08T06:12:18.537+0700][gc,stringtable] GC(2) Cleaned string and symbol table, strings: 5126 processed, 0 removed, symbols: 51775 processed, 58 removed
[2023-01-08T06:12:18.537+0700][gc            ] GC(2) Pause Remark 9M->9M(1024M) 5.931ms
[2023-01-08T06:12:18.537+0700][gc,cpu        ] GC(2) User=0.02s Sys=0.00s Real=0.00s
[2023-01-08T06:12:18.537+0700][gc,marking    ] GC(2) Concurrent Rebuild Remembered Sets
[2023-01-08T06:12:18.543+0700][gc,marking    ] GC(2) Concurrent Rebuild Remembered Sets 5.936ms
[2023-01-08T06:12:18.543+0700][gc,start      ] GC(2) Pause Cleanup
[2023-01-08T06:12:18.543+0700][gc            ] GC(2) Pause Cleanup 10M->10M(1024M) 0.249ms
[2023-01-08T06:12:18.544+0700][gc,cpu        ] GC(2) User=0.00s Sys=0.00s Real=0.00s
[2023-01-08T06:12:18.544+0700][gc,marking    ] GC(2) Concurrent Cleanup for Next Mark
[2023-01-08T06:12:18.547+0700][gc,marking    ] GC(2) Concurrent Cleanup for Next Mark 2.995ms
[2023-01-08T06:12:18.547+0700][gc            ] GC(2) Concurrent Cycle 30.777ms
[2023-01-08T06:12:19.985+0700][gc,heap,exit  ] Heap
[2023-01-08T06:12:19.985+0700][gc,heap,exit  ]  garbage-first heap   total 1048576K, used 188602K [0x00000000c0000000, 0x0000000100000000)
[2023-01-08T06:12:19.985+0700][gc,heap,exit  ]   region size 1024K, 50 young (51200K), 1 survivors (1024K)
[2023-01-08T06:12:19.985+0700][gc,heap,exit  ]  Metaspace       used 28694K, capacity 29712K, committed 29824K, reserved 1075200K
[2023-01-08T06:12:19.985+0700][gc,heap,exit  ]   class space    used 3741K, capacity 4219K, committed 4224K, reserved 1048576K
