[2023-01-08T06:03:14.422+0700][gc,heap] Heap region size: 1M
[2023-01-08T06:03:14.428+0700][gc     ] Using G1
[2023-01-08T06:03:14.428+0700][gc,heap,coops] Heap address: 0x00000000e0000000, size: 512 MB, Compressed Oops mode: 32-bit
[2023-01-08T06:03:14.428+0700][gc,cds       ] Mark closed archive regions in map: [0x00000000ffe00000, 0x00000000ffe6aff8]
[2023-01-08T06:03:14.428+0700][gc,cds       ] Mark open archive regions in map: [0x00000000ffc00000, 0x00000000ffc46ff8]
[2023-01-08T06:03:15.012+0700][gc,heap,exit ] Heap
[2023-01-08T06:03:15.012+0700][gc,heap,exit ]  garbage-first heap   total 524288K, used 25288K [0x00000000e0000000, 0x0000000100000000)
[2023-01-08T06:03:15.012+0700][gc,heap,exit ]   region size 1024K, 25 young (25600K), 0 survivors (0K)
[2023-01-08T06:03:15.012+0700][gc,heap,exit ]  Metaspace       used 7125K, capacity 7467K, committed 7680K, reserved 1056768K
[2023-01-08T06:03:15.012+0700][gc,heap,exit ]   class space    used 813K, capacity 922K, committed 1024K, reserved 1048576K
