[2023-01-08T06:19:53.922+0700][gc,heap] Heap region size: 1M
[2023-01-08T06:19:53.927+0700][gc     ] Using G1
[2023-01-08T06:19:53.927+0700][gc,heap,coops] Heap address: 0x00000000e0000000, size: 512 MB, Compressed Oops mode: 32-bit
[2023-01-08T06:19:53.928+0700][gc,cds       ] Mark closed archive regions in map: [0x00000000ffe00000, 0x00000000ffe6aff8]
[2023-01-08T06:19:53.928+0700][gc,cds       ] Mark open archive regions in map: [0x00000000ffc00000, 0x00000000ffc46ff8]
[2023-01-08T06:19:54.493+0700][gc,start     ] GC(0) Pause Young (Normal) (G1 Evacuation Pause)
[2023-01-08T06:19:54.493+0700][gc,task      ] GC(0) Using 4 workers of 4 for evacuation
[2023-01-08T06:19:54.508+0700][gc,phases    ] GC(0)   Pre Evacuate Collection Set: 0.0ms
[2023-01-08T06:19:54.508+0700][gc,phases    ] GC(0)   Evacuate Collection Set: 14.1ms
[2023-01-08T06:19:54.508+0700][gc,phases    ] GC(0)   Post Evacuate Collection Set: 0.3ms
[2023-01-08T06:19:54.508+0700][gc,phases    ] GC(0)   Other: 0.4ms
[2023-01-08T06:19:54.508+0700][gc,heap      ] GC(0) Eden regions: 25->0(21)
[2023-01-08T06:19:54.508+0700][gc,heap      ] GC(0) Survivor regions: 0->4(4)
[2023-01-08T06:19:54.508+0700][gc,heap      ] GC(0) Old regions: 2->5
[2023-01-08T06:19:54.508+0700][gc,heap      ] GC(0) Humongous regions: 0->0
[2023-01-08T06:19:54.508+0700][gc,metaspace ] GC(0) Metaspace: 7230K->7230K(1056768K)
[2023-01-08T06:19:54.508+0700][gc           ] GC(0) Pause Young (Normal) (G1 Evacuation Pause) 25M->7M(512M) 14.769ms
[2023-01-08T06:19:54.508+0700][gc,cpu       ] GC(0) User=0.05s Sys=0.00s Real=0.01s
[2023-01-08T10:59:03.145+0700][gc,start     ] GC(1) Pause Young (Normal) (G1 Evacuation Pause)
[2023-01-08T10:59:03.210+0700][gc,task      ] GC(1) Using 4 workers of 4 for evacuation
[2023-01-08T10:59:03.262+0700][gc,mmu       ] GC(1) MMU target violated: 21.0ms (20.0ms/21.0ms)
[2023-01-08T10:59:03.262+0700][gc,phases    ] GC(1)   Pre Evacuate Collection Set: 0.0ms
[2023-01-08T10:59:03.262+0700][gc,phases    ] GC(1)   Evacuate Collection Set: 50.9ms
[2023-01-08T10:59:03.262+0700][gc,phases    ] GC(1)   Post Evacuate Collection Set: 0.6ms
[2023-01-08T10:59:03.262+0700][gc,phases    ] GC(1)   Other: 65.4ms
[2023-01-08T10:59:03.262+0700][gc,heap      ] GC(1) Eden regions: 21->0(24)
[2023-01-08T10:59:03.262+0700][gc,heap      ] GC(1) Survivor regions: 4->1(4)
[2023-01-08T10:59:03.262+0700][gc,heap      ] GC(1) Old regions: 5->9
[2023-01-08T10:59:03.262+0700][gc,heap      ] GC(1) Humongous regions: 0->0
[2023-01-08T10:59:03.262+0700][gc,metaspace ] GC(1) Metaspace: 9252K->9252K(1058816K)
[2023-01-08T10:59:03.262+0700][gc           ] GC(1) Pause Young (Normal) (G1 Evacuation Pause) 28M->8M(512M) 117.138ms
[2023-01-08T10:59:03.262+0700][gc,cpu       ] GC(1) User=0.12s Sys=0.00s Real=0.12s
[2023-01-08T17:43:07.926+0700][gc,start     ] GC(2) Pause Young (Normal) (G1 Evacuation Pause)
[2023-01-08T17:43:07.926+0700][gc,task      ] GC(2) Using 4 workers of 4 for evacuation
[2023-01-08T17:43:07.930+0700][gc,phases    ] GC(2)   Pre Evacuate Collection Set: 0.0ms
[2023-01-08T17:43:07.931+0700][gc,phases    ] GC(2)   Evacuate Collection Set: 4.0ms
[2023-01-08T17:43:07.931+0700][gc,phases    ] GC(2)   Post Evacuate Collection Set: 0.2ms
[2023-01-08T17:43:07.931+0700][gc,phases    ] GC(2)   Other: 0.5ms
[2023-01-08T17:43:07.931+0700][gc,heap      ] GC(2) Eden regions: 24->0(24)
[2023-01-08T17:43:07.931+0700][gc,heap      ] GC(2) Survivor regions: 1->1(4)
[2023-01-08T17:43:07.931+0700][gc,heap      ] GC(2) Old regions: 9->9
[2023-01-08T17:43:07.931+0700][gc,heap      ] GC(2) Humongous regions: 0->0
[2023-01-08T17:43:07.931+0700][gc,metaspace ] GC(2) Metaspace: 9266K->9266K(1058816K)
[2023-01-08T17:43:07.931+0700][gc           ] GC(2) Pause Young (Normal) (G1 Evacuation Pause) 32M->8M(512M) 4.767ms
[2023-01-08T17:43:07.931+0700][gc,cpu       ] GC(2) User=0.02s Sys=0.00s Real=0.00s
[2023-01-08T22:04:00.715+0700][gc,heap,exit ] Heap
[2023-01-08T22:04:00.715+0700][gc,heap,exit ]  garbage-first heap   total 524288K, used 22816K [0x00000000e0000000, 0x0000000100000000)
[2023-01-08T22:04:00.715+0700][gc,heap,exit ]   region size 1024K, 16 young (16384K), 1 survivors (1024K)
[2023-01-08T22:04:00.715+0700][gc,heap,exit ]  Metaspace       used 9272K, capacity 9693K, committed 9856K, reserved 1058816K
[2023-01-08T22:04:00.715+0700][gc,heap,exit ]   class space    used 987K, capacity 1152K, committed 1152K, reserved 1048576K
