[2023-01-08T06:05:05.418+0700][gc,heap] Heap region size: 1M
[2023-01-08T06:05:05.423+0700][gc     ] Using G1
[2023-01-08T06:05:05.424+0700][gc,heap,coops] Heap address: 0x00000000e0000000, size: 512 MB, Compressed Oops mode: 32-bit
[2023-01-08T06:05:05.424+0700][gc,cds       ] Mark closed archive regions in map: [0x00000000ffe00000, 0x00000000ffe6aff8]
[2023-01-08T06:05:05.424+0700][gc,cds       ] Mark open archive regions in map: [0x00000000ffc00000, 0x00000000ffc46ff8]
[2023-01-08T06:05:05.999+0700][gc,start     ] GC(0) Pause Young (Normal) (G1 Evacuation Pause)
[2023-01-08T06:05:05.999+0700][gc,task      ] GC(0) Using 4 workers of 4 for evacuation
[2023-01-08T06:05:06.014+0700][gc,phases    ] GC(0)   Pre Evacuate Collection Set: 0.0ms
[2023-01-08T06:05:06.014+0700][gc,phases    ] GC(0)   Evacuate Collection Set: 13.9ms
[2023-01-08T06:05:06.014+0700][gc,phases    ] GC(0)   Post Evacuate Collection Set: 0.2ms
[2023-01-08T06:05:06.014+0700][gc,phases    ] GC(0)   Other: 0.4ms
[2023-01-08T06:05:06.014+0700][gc,heap      ] GC(0) Eden regions: 25->0(21)
[2023-01-08T06:05:06.014+0700][gc,heap      ] GC(0) Survivor regions: 0->4(4)
[2023-01-08T06:05:06.014+0700][gc,heap      ] GC(0) Old regions: 2->5
[2023-01-08T06:05:06.014+0700][gc,heap      ] GC(0) Humongous regions: 0->0
[2023-01-08T06:05:06.014+0700][gc,metaspace ] GC(0) Metaspace: 7290K->7290K(1056768K)
[2023-01-08T06:05:06.014+0700][gc           ] GC(0) Pause Young (Normal) (G1 Evacuation Pause) 25M->7M(512M) 14.646ms
[2023-01-08T06:05:06.014+0700][gc,cpu       ] GC(0) User=0.04s Sys=0.01s Real=0.01s
[2023-01-08T06:17:02.788+0700][gc,heap,exit ] Heap
[2023-01-08T06:17:02.788+0700][gc,heap,exit ]  garbage-first heap   total 524288K, used 16819K [0x00000000e0000000, 0x0000000100000000)
[2023-01-08T06:17:02.788+0700][gc,heap,exit ]   region size 1024K, 14 young (14336K), 4 survivors (4096K)
[2023-01-08T06:17:02.788+0700][gc,heap,exit ]  Metaspace       used 8633K, capacity 8988K, committed 9344K, reserved 1056768K
[2023-01-08T06:17:02.788+0700][gc,heap,exit ]   class space    used 962K, capacity 1088K, committed 1152K, reserved 1048576K
