[2023-01-08T05:56:05.666+0700][gc,heap] Heap region size: 1M
[2023-01-08T05:56:05.674+0700][gc     ] Using G1
[2023-01-08T05:56:05.674+0700][gc,heap,coops] Heap address: 0x00000000e0000000, size: 512 MB, Compressed Oops mode: 32-bit
[2023-01-08T05:56:05.674+0700][gc,cds       ] Mark closed archive regions in map: [0x00000000ffe00000, 0x00000000ffe6aff8]
[2023-01-08T05:56:05.674+0700][gc,cds       ] Mark open archive regions in map: [0x00000000ffc00000, 0x00000000ffc46ff8]
[2023-01-08T05:56:06.892+0700][gc,start     ] GC(0) Pause Young (Normal) (G1 Evacuation Pause)
[2023-01-08T05:56:06.894+0700][gc,task      ] GC(0) Using 4 workers of 4 for evacuation
[2023-01-08T05:56:06.936+0700][gc,mmu       ] GC(0) MMU target violated: 21.0ms (20.0ms/21.0ms)
[2023-01-08T05:56:06.936+0700][gc,phases    ] GC(0)   Pre Evacuate Collection Set: 0.0ms
[2023-01-08T05:56:06.936+0700][gc,phases    ] GC(0)   Evacuate Collection Set: 41.4ms
[2023-01-08T05:56:06.936+0700][gc,phases    ] GC(0)   Post Evacuate Collection Set: 0.8ms
[2023-01-08T05:56:06.937+0700][gc,phases    ] GC(0)   Other: 2.2ms
[2023-01-08T05:56:06.937+0700][gc,heap      ] GC(0) Eden regions: 25->0(21)
[2023-01-08T05:56:06.937+0700][gc,heap      ] GC(0) Survivor regions: 0->4(4)
[2023-01-08T05:56:06.937+0700][gc,heap      ] GC(0) Old regions: 2->5
[2023-01-08T05:56:06.937+0700][gc,heap      ] GC(0) Humongous regions: 0->0
[2023-01-08T05:56:06.937+0700][gc,metaspace ] GC(0) Metaspace: 7324K->7324K(1056768K)
[2023-01-08T05:56:06.937+0700][gc           ] GC(0) Pause Young (Normal) (G1 Evacuation Pause) 25M->7M(512M) 44.559ms
[2023-01-08T05:56:06.937+0700][gc,cpu       ] GC(0) User=0.14s Sys=0.02s Real=0.04s
